
Running 41 tests using 1 worker

(node:96658) Warning: The 'NO_COLOR' env is ignored due to the 'FORCE_COLOR' env being set.
(Use `node --trace-warnings ...` to show where the warning was created)
  ✓   1 e2e/accessibility.spec.ts:11:3 › control passes axe serious/critical (823ms)
  ✓   2 e2e/accessibility.spec.ts:16:3 › control exposes every action to visible keyboard focus (449ms)
  ✓   3 e2e/accessibility.spec.ts:21:3 › control keeps shell and primary content operable at 200% zoom (822ms)
  ✓   4 e2e/accessibility.spec.ts:11:3 › edict-detail passes axe serious/critical (1.4s)
  ✓   5 e2e/accessibility.spec.ts:16:3 › edict-detail exposes every action to visible keyboard focus (560ms)
  ✓   6 e2e/accessibility.spec.ts:21:3 › edict-detail keeps shell and primary content operable at 200% zoom (1.3s)
  ✓   7 e2e/accessibility.spec.ts:11:3 › evolution passes axe serious/critical (516ms)
  ✓   8 e2e/accessibility.spec.ts:16:3 › evolution exposes every action to visible keyboard focus (397ms)
  ✓   9 e2e/accessibility.spec.ts:21:3 › evolution keeps shell and primary content operable at 200% zoom (858ms)
  ✓  10 e2e/control-center.spec.ts:20:1 › fresh onboarding creates the first governed Edict on the real demo stack (4.5s)
  ✓  11 e2e/control-center.spec.ts:38:1 › product source does not import mockData (53ms)
  ✓  12 e2e/control-center.spec.ts:54:1 › a stored locale survives reload instead of being overwritten by the E2E default (301ms)
  ✓  13 e2e/control-center.spec.ts:67:1 › production core route chunks stay within documented KiB ceilings (9ms)
  ✓  14 e2e/control-center.spec.ts:93:1 › Control Center initial load keeps large deferred route chunks out of the critical path (213ms)
  ✓  15 e2e/decision-flow.spec.ts:9:1 › pending Decision requires a reason, resolves at the expected version, and downloads closed Evidence (1.2s)
  ✓  16 e2e/evolution-gate.spec.ts:3:1 › Evolution reports the authoritative S5 empty state (190ms)
  ✓  17 e2e/evolution-gate.spec.ts:10:1 › Evolution renders a blocked candidate from only the named read contract (251ms)
  ✓  18 e2e/visual-core.spec.ts:32:9 › control 1280x800 dark expanded (297ms)
  ✓  19 e2e/visual-core.spec.ts:32:9 › control 1280x800 dark collapsed (250ms)
  ✓  20 e2e/visual-core.spec.ts:32:9 › control 1280x800 light expanded (258ms)
  ✓  21 e2e/visual-core.spec.ts:32:9 › control 1280x800 light collapsed (253ms)
  ✓  22 e2e/visual-core.spec.ts:32:9 › control 1440x1024 dark expanded (293ms)
  ✓  23 e2e/visual-core.spec.ts:32:9 › control 1440x1024 dark collapsed (275ms)
  ✓  24 e2e/visual-core.spec.ts:32:9 › control 1440x1024 light expanded (262ms)
  ✓  25 e2e/visual-core.spec.ts:32:9 › control 1440x1024 light collapsed (259ms)
  ✓  26 e2e/visual-core.spec.ts:32:9 › edict-detail 1280x800 dark expanded (954ms)
  ✓  27 e2e/visual-core.spec.ts:32:9 › edict-detail 1280x800 dark collapsed (314ms)
  ✓  28 e2e/visual-core.spec.ts:32:9 › edict-detail 1280x800 light expanded (306ms)
  ✓  29 e2e/visual-core.spec.ts:32:9 › edict-detail 1280x800 light collapsed (309ms)
  ✓  30 e2e/visual-core.spec.ts:32:9 › edict-detail 1440x1024 dark expanded (344ms)
  ✓  31 e2e/visual-core.spec.ts:32:9 › edict-detail 1440x1024 dark collapsed (388ms)
  ✓  32 e2e/visual-core.spec.ts:32:9 › edict-detail 1440x1024 light expanded (395ms)
  ✓  33 e2e/visual-core.spec.ts:32:9 › edict-detail 1440x1024 light collapsed (359ms)
  ✓  34 e2e/visual-core.spec.ts:32:9 › evolution 1280x800 dark expanded (229ms)
  ✓  35 e2e/visual-core.spec.ts:32:9 › evolution 1280x800 dark collapsed (222ms)
  ✓  36 e2e/visual-core.spec.ts:32:9 › evolution 1280x800 light expanded (238ms)
  ✓  37 e2e/visual-core.spec.ts:32:9 › evolution 1280x800 light collapsed (240ms)
  ✓  38 e2e/visual-core.spec.ts:32:9 › evolution 1440x1024 dark expanded (251ms)
  ✓  39 e2e/visual-core.spec.ts:32:9 › evolution 1440x1024 dark collapsed (255ms)
  ✓  40 e2e/visual-core.spec.ts:32:9 › evolution 1440x1024 light expanded (253ms)
  ✓  41 e2e/visual-core.spec.ts:32:9 › evolution 1440x1024 light collapsed (238ms)

  41 passed (29.6s)
