S3_CORE_GATE_LOG_V1
source_commit=8f5b324306b6b49e35ae89d0c22f4ab9a072edb2
command=env -u VIRTUAL_ENV .venv/bin/python -m pytest -m "not slow" -q
--- output ---
........................................................................ [  1%]
........................................................................ [  3%]
........................................................................ [  5%]
........................................................................ [  7%]
........................................................................ [  9%]
........................................................................ [ 11%]
........................................................................ [ 13%]
...................................................................s.... [ 15%]
........................................................................ [ 17%]
........................................................................ [ 18%]
........................................................................ [ 20%]
........................................................................ [ 22%]
........................................................................ [ 24%]
........................................................................ [ 26%]
........................................................................ [ 28%]
........................................................................ [ 30%]
........................................................................ [ 32%]
........................................................................ [ 34%]
........................................................................ [ 35%]
........................................................................ [ 37%]
........................................................................ [ 39%]
........................................................................ [ 41%]
........................................................................ [ 43%]
........................................................................ [ 45%]
........................................................................ [ 47%]
.........................................s.............................. [ 49%]
........................................................................ [ 51%]
........................................................................ [ 52%]
........................................................................ [ 54%]
........................................................................ [ 56%]
........................................................................ [ 58%]
........................................................................ [ 60%]
........................................................................ [ 62%]
........................................................................ [ 64%]
........................................................................ [ 66%]
........................................................................ [ 68%]
........................................................................ [ 69%]
........................................................................ [ 71%]
........................................................................ [ 73%]
........................................................................ [ 75%]
........................................................................ [ 77%]
........................................................................ [ 79%]
........................................................................ [ 81%]
........................................................................ [ 83%]
........................................................................ [ 85%]
........................................................................ [ 87%]
........................................................................ [ 88%]
........................................................................ [ 90%]
........................................................................ [ 92%]
........................................................................ [ 94%]
........................................................................ [ 96%]
........................................................................ [ 98%]
..............................................................           [100%]
=============================== warnings summary ===============================
.venv/lib/python3.12/site-packages/lark_oapi/ws/pb/google/protobuf/internal/well_known_types.py:91
  /Users/chenjiamin/tiangong/tianshu-worktree/tianshu/.venv/lib/python3.12/site-packages/lark_oapi/ws/pb/google/protobuf/internal/well_known_types.py:91: DeprecationWarning: datetime.datetime.utcfromtimestamp() is deprecated and scheduled for removal in a future version. Use timezone-aware objects to represent datetimes in UTC: datetime.datetime.fromtimestamp(timestamp, datetime.UTC).
    _EPOCH_DATETIME_NAIVE = datetime.datetime.utcfromtimestamp(0)

.venv/lib/python3.12/site-packages/lark_oapi/ws/client.py:26
  /Users/chenjiamin/tiangong/tianshu-worktree/tianshu/.venv/lib/python3.12/site-packages/lark_oapi/ws/client.py:26: DeprecationWarning: There is no current event loop
    loop = asyncio.get_event_loop()

.venv/lib/python3.12/site-packages/lark_oapi/ws/client.py:67
  /Users/chenjiamin/tiangong/tianshu-worktree/tianshu/.venv/lib/python3.12/site-packages/lark_oapi/ws/client.py:67: DeprecationWarning: websockets.InvalidStatusCode is deprecated
    def _parse_ws_conn_exception(e: websockets.InvalidStatusCode):

.venv/lib/python3.12/site-packages/websockets/legacy/__init__.py:6
  /Users/chenjiamin/tiangong/tianshu-worktree/tianshu/.venv/lib/python3.12/site-packages/websockets/legacy/__init__.py:6: DeprecationWarning: websockets.legacy is deprecated; see https://websockets.readthedocs.io/en/stable/howto/upgrade.html for upgrade instructions
    warnings.warn(  # deprecated in 14.0 - 2024-11-09

tests/compat/test_executor_capability_gate.py::test_native_dag_passes_prepared_executor_to_scheduler
  /Users/chenjiamin/tiangong/tianshu-worktree/tianshu/src/tianshu/storage/memorial_repo.py:152: RuntimeWarning: coroutine 'AsyncMockMixin._execute_mock_call' was never awaited
    json.dumps(memorial.runtime_override) if memorial.runtime_override else None,
  Enable tracemalloc to get traceback where the object was allocated.
  See https://docs.pytest.org/en/stable/how-to/capture-warnings.html#resource-warnings for more info.

tests/security/test_execution_gateway_processes.py::test_wait_cancellation_is_bounded_when_pipe_stdout_consumer_stops
tests/security/test_execution_gateway_secrets.py::test_allowlisted_env_only_and_secret_absent_from_result_receipt_and_logs
  /Users/chenjiamin/tiangong/tianshu-worktree/tianshu/.venv/lib/python3.12/site-packages/_pytest/unraisableexception.py:67: PytestUnraisableExceptionWarning: Exception ignored in: <function BaseSubprocessTransport.__del__ at 0x10936f060>
  
  Traceback (most recent call last):
    File "/Users/chenjiamin/.local/share/uv/python/cpython-3.12.12-macos-aarch64-none/lib/python3.12/asyncio/base_subprocess.py", line 126, in __del__
      self.close()
    File "/Users/chenjiamin/.local/share/uv/python/cpython-3.12.12-macos-aarch64-none/lib/python3.12/asyncio/base_subprocess.py", line 104, in close
      proto.pipe.close()
    File "/Users/chenjiamin/.local/share/uv/python/cpython-3.12.12-macos-aarch64-none/lib/python3.12/asyncio/unix_events.py", line 568, in close
      self._close(None)
    File "/Users/chenjiamin/.local/share/uv/python/cpython-3.12.12-macos-aarch64-none/lib/python3.12/asyncio/unix_events.py", line 592, in _close
      self._loop.call_soon(self._call_connection_lost, exc)
    File "/Users/chenjiamin/.local/share/uv/python/cpython-3.12.12-macos-aarch64-none/lib/python3.12/asyncio/base_events.py", line 799, in call_soon
      self._check_closed()
    File "/Users/chenjiamin/.local/share/uv/python/cpython-3.12.12-macos-aarch64-none/lib/python3.12/asyncio/base_events.py", line 545, in _check_closed
      raise RuntimeError('Event loop is closed')
  RuntimeError: Event loop is closed
  
  Enable tracemalloc to get traceback where the object was allocated.
  See https://docs.pytest.org/en/stable/how-to/capture-warnings.html#resource-warnings for more info.
    warnings.warn(pytest.PytestUnraisableExceptionWarning(msg))

-- Docs: https://docs.pytest.org/en/stable/how-to/capture-warnings.html
3804 passed, 2 skipped, 24 deselected, 7 warnings in 613.83s (0:10:13)
--- exit ---
exit_code=0
