S3_CORE_GATE_LOG_V1
source_commit=60d3c45b836de44b132dba186e5c9a3672592ea3
command=.venv/bin/lint-imports
--- output ---

╔══╗─────────▶╔╗ ╔╗      ╔╗◀───┐
╚╣╠╝◀─────┐  ╔╝╚╗║║────▶╔╝╚╗   │
 ║║   ╔══╦══╦╩╗╔╝║║  ╔╦═╩╗╔╝╔═╦══╗
 ║║╔══╣╔╗║╔╗║╔╣║ ║║ ╔╬╣╔╗║║ ║│║╔═╝
╔╣╠╣║║║╚╝║╚╝║║║╚╗║╚═╝║║║║║╚╗║═╣║
╚══╩╩╩╣╔═╩══╩╝╚═╝╚═══╩╩╝╚╩═╩╩═╩╝
  └──▶║║                    ▲ 
      ╚╝────────────────────┘


---------
Contracts
---------

Analyzed 455 files, 1571 dependencies.
--------------------------------------

分层:底层契约不得向上依赖 KEPT
extras 独立性:telegram 不得依赖 feishu KEPT

Contracts: 2 kept, 0 broken.
--- exit ---
exit_code=0
