S3_CORE_GATE_LOG_V1
source_commit=8f5b324306b6b49e35ae89d0c22f4ab9a072edb2
command=env -u VIRTUAL_ENV .venv/bin/python -m pytest tests/notifier -q
--- output ---
..............                                                           [100%]
=============================== warnings summary ===============================
.venv/lib/python3.12/site-packages/lark_oapi/ws/pb/google/protobuf/internal/well_known_types.py:91
  /Users/chenjiamin/tiangong/tianshu-worktree/tianshu/.venv/lib/python3.12/site-packages/lark_oapi/ws/pb/google/protobuf/internal/well_known_types.py:91: DeprecationWarning: datetime.datetime.utcfromtimestamp() is deprecated and scheduled for removal in a future version. Use timezone-aware objects to represent datetimes in UTC: datetime.datetime.fromtimestamp(timestamp, datetime.UTC).
    _EPOCH_DATETIME_NAIVE = datetime.datetime.utcfromtimestamp(0)

.venv/lib/python3.12/site-packages/lark_oapi/ws/client.py:26
  /Users/chenjiamin/tiangong/tianshu-worktree/tianshu/.venv/lib/python3.12/site-packages/lark_oapi/ws/client.py:26: DeprecationWarning: There is no current event loop
    loop = asyncio.get_event_loop()

.venv/lib/python3.12/site-packages/lark_oapi/ws/client.py:67
  /Users/chenjiamin/tiangong/tianshu-worktree/tianshu/.venv/lib/python3.12/site-packages/lark_oapi/ws/client.py:67: DeprecationWarning: websockets.InvalidStatusCode is deprecated
    def _parse_ws_conn_exception(e: websockets.InvalidStatusCode):

.venv/lib/python3.12/site-packages/websockets/legacy/__init__.py:6
  /Users/chenjiamin/tiangong/tianshu-worktree/tianshu/.venv/lib/python3.12/site-packages/websockets/legacy/__init__.py:6: DeprecationWarning: websockets.legacy is deprecated; see https://websockets.readthedocs.io/en/stable/howto/upgrade.html for upgrade instructions
    warnings.warn(  # deprecated in 14.0 - 2024-11-09

-- Docs: https://docs.pytest.org/en/stable/how-to/capture-warnings.html
14 passed, 4 warnings in 0.65s
--- exit ---
exit_code=0
