
Running 41 tests using 1 worker

(node:88090) Warning: The 'NO_COLOR' env is ignored due to the 'FORCE_COLOR' env being set.
(Use `node --trace-warnings ...` to show where the warning was created)
  ✓   1 e2e/accessibility.spec.ts:11:3 › control passes axe serious/critical (780ms)
  ✓   2 e2e/accessibility.spec.ts:16:3 › control exposes every action to visible keyboard focus (462ms)
  ✓   3 e2e/accessibility.spec.ts:21:3 › control keeps shell and primary content operable at 200% zoom (781ms)
  ✓   4 e2e/accessibility.spec.ts:11:3 › edict-detail passes axe serious/critical (1.2s)
  ✓   5 e2e/accessibility.spec.ts:16:3 › edict-detail exposes every action to visible keyboard focus (519ms)
  ✓   6 e2e/accessibility.spec.ts:21:3 › edict-detail keeps shell and primary content operable at 200% zoom (1.2s)
  ✓   7 e2e/accessibility.spec.ts:11:3 › evolution passes axe serious/critical (493ms)
  ✓   8 e2e/accessibility.spec.ts:16:3 › evolution exposes every action to visible keyboard focus (346ms)
  ✓   9 e2e/accessibility.spec.ts:21:3 › evolution keeps shell and primary content operable at 200% zoom (808ms)
  ✓  10 e2e/control-center.spec.ts:20:1 › fresh onboarding creates the first governed Edict on the real demo stack (7.2s)
  ✓  11 e2e/control-center.spec.ts:38:1 › product source does not import mockData (26ms)
  ✓  12 e2e/control-center.spec.ts:54:1 › a stored locale survives reload instead of being overwritten by the E2E default (292ms)
  ✓  13 e2e/control-center.spec.ts:67:1 › production core route chunks stay within documented KiB ceilings (8ms)
  ✓  14 e2e/control-center.spec.ts:93:1 › Control Center initial load keeps large deferred route chunks out of the critical path (193ms)
  ✓  15 e2e/decision-flow.spec.ts:9:1 › pending Decision requires a reason, resolves at the expected version, and downloads closed Evidence (987ms)
  ✓  16 e2e/evolution-gate.spec.ts:3:1 › Evolution reports the authoritative S5 empty state (185ms)
  ✓  17 e2e/evolution-gate.spec.ts:10:1 › Evolution renders a blocked candidate from only the named read contract (239ms)
  ✓  18 e2e/visual-core.spec.ts:32:9 › control 1280x800 dark expanded (280ms)
  ✓  19 e2e/visual-core.spec.ts:32:9 › control 1280x800 dark collapsed (241ms)
  ✓  20 e2e/visual-core.spec.ts:32:9 › control 1280x800 light expanded (239ms)
  ✓  21 e2e/visual-core.spec.ts:32:9 › control 1280x800 light collapsed (244ms)
  ✓  22 e2e/visual-core.spec.ts:32:9 › control 1440x1024 dark expanded (253ms)
  ✓  23 e2e/visual-core.spec.ts:32:9 › control 1440x1024 dark collapsed (246ms)
  ✓  24 e2e/visual-core.spec.ts:32:9 › control 1440x1024 light expanded (255ms)
  ✓  25 e2e/visual-core.spec.ts:32:9 › control 1440x1024 light collapsed (251ms)
  ✓  26 e2e/visual-core.spec.ts:32:9 › edict-detail 1280x800 dark expanded (710ms)
  ✓  27 e2e/visual-core.spec.ts:32:9 › edict-detail 1280x800 dark collapsed (302ms)
  ✓  28 e2e/visual-core.spec.ts:32:9 › edict-detail 1280x800 light expanded (301ms)
  ✓  29 e2e/visual-core.spec.ts:32:9 › edict-detail 1280x800 light collapsed (316ms)
  ✓  30 e2e/visual-core.spec.ts:32:9 › edict-detail 1440x1024 dark expanded (335ms)
  ✓  31 e2e/visual-core.spec.ts:32:9 › edict-detail 1440x1024 dark collapsed (312ms)
  ✓  32 e2e/visual-core.spec.ts:32:9 › edict-detail 1440x1024 light expanded (330ms)
  ✓  33 e2e/visual-core.spec.ts:32:9 › edict-detail 1440x1024 light collapsed (315ms)
  ✓  34 e2e/visual-core.spec.ts:32:9 › evolution 1280x800 dark expanded (228ms)
  ✓  35 e2e/visual-core.spec.ts:32:9 › evolution 1280x800 dark collapsed (213ms)
  ✓  36 e2e/visual-core.spec.ts:32:9 › evolution 1280x800 light expanded (230ms)
  ✓  37 e2e/visual-core.spec.ts:32:9 › evolution 1280x800 light collapsed (222ms)
  ✓  38 e2e/visual-core.spec.ts:32:9 › evolution 1440x1024 dark expanded (248ms)
  ✓  39 e2e/visual-core.spec.ts:32:9 › evolution 1440x1024 dark collapsed (229ms)
  ✓  40 e2e/visual-core.spec.ts:32:9 › evolution 1440x1024 light expanded (231ms)
  ✓  41 e2e/visual-core.spec.ts:32:9 › evolution 1440x1024 light collapsed (250ms)

  41 passed (35.2s)
